../Core/Src/main.c:67:5:_write	24	static
../Core/Src/main.c:73:6:nec_init	8	static
../Core/Src/main.c:78:6:HAL_TIM_IC_CaptureCallback	16	static
../Core/Src/main.c:86:6:nec_decode	88	static
../Core/Src/main.c:120:5:main	8	static
../Core/Src/main.c:175:6:SystemClock_Config	72	static
../Core/Src/main.c:214:13:MX_TIM2_Init	72	static
../Core/Src/main.c:281:13:MX_USART2_UART_Init	8	static
../Core/Src/main.c:312:13:MX_DMA_Init	16	static
../Core/Src/main.c:330:13:MX_GPIO_Init	40	static
../Core/Src/main.c:374:6:Error_Handler	4	static,ignoring_inline_asm
