Archive member included to satisfy reference by file (symbol)

C:/ST/STM32CubeIDE_1.14.0/STM32CubeIDE/plugins/com.st.stm32cube.ide.mcu.externaltools.gnu-tools-for-stm32.11.3.rel1.win32_1.1.100.202309141235/tools/bin/../lib/gcc/arm-none-eabi/11.3.1/../../../../arm-none-eabi/lib/thumb/v7-m/nofp\libc_nano.a(libc_a-exit.o)
                              C:/ST/STM32CubeIDE_1.14.0/STM32CubeIDE/plugins/com.st.stm32cube.ide.mcu.externaltools.gnu-tools-for-stm32.11.3.rel1.win32_1.1.100.202309141235/tools/bin/../lib/gcc/arm-none-eabi/11.3.1/../../../../arm-none-eabi/lib/thumb/v7-m/nofp/crt0.o (exit)
C:/ST/STM32CubeIDE_1.14.0/STM32CubeIDE/plugins/com.st.stm32cube.ide.mcu.externaltools.gnu-tools-for-stm32.11.3.rel1.win32_1.1.100.202309141235/tools/bin/../lib/gcc/arm-none-eabi/11.3.1/../../../../arm-none-eabi/lib/thumb/v7-m/nofp\libc_nano.a(libc_a-findfp.o)
                              C:/ST/STM32CubeIDE_1.14.0/STM32CubeIDE/plugins/com.st.stm32cube.ide.mcu.externaltools.gnu-tools-for-stm32.11.3.rel1.win32_1.1.100.202309141235/tools/bin/../lib/gcc/arm-none-eabi/11.3.1/../../../../arm-none-eabi/lib/thumb/v7-m/nofp\libc_nano.a(libc_a-exit.o) (__stdio_exit_handler)
C:/ST/STM32CubeIDE_1.14.0/STM32CubeIDE/plugins/com.st.stm32cube.ide.mcu.externaltools.gnu-tools-for-stm32.11.3.rel1.win32_1.1.100.202309141235/tools/bin/../lib/gcc/arm-none-eabi/11.3.1/../../../../arm-none-eabi/lib/thumb/v7-m/nofp\libc_nano.a(libc_a-fwalk.o)
                              C:/ST/STM32CubeIDE_1.14.0/STM32CubeIDE/plugins/com.st.stm32cube.ide.mcu.externaltools.gnu-tools-for-stm32.11.3.rel1.win32_1.1.100.202309141235/tools/bin/../lib/gcc/arm-none-eabi/11.3.1/../../../../arm-none-eabi/lib/thumb/v7-m/nofp\libc_nano.a(libc_a-findfp.o) (_fwalk_sglue)
C:/ST/STM32CubeIDE_1.14.0/STM32CubeIDE/plugins/com.st.stm32cube.ide.mcu.externaltools.gnu-tools-for-stm32.11.3.rel1.win32_1.1.100.202309141235/tools/bin/../lib/gcc/arm-none-eabi/11.3.1/../../../../arm-none-eabi/lib/thumb/v7-m/nofp\libc_nano.a(libc_a-stdio.o)
                              C:/ST/STM32CubeIDE_1.14.0/STM32CubeIDE/plugins/com.st.stm32cube.ide.mcu.externaltools.gnu-tools-for-stm32.11.3.rel1.win32_1.1.100.202309141235/tools/bin/../lib/gcc/arm-none-eabi/11.3.1/../../../../arm-none-eabi/lib/thumb/v7-m/nofp\libc_nano.a(libc_a-findfp.o) (__sread)
C:/ST/STM32CubeIDE_1.14.0/STM32CubeIDE/plugins/com.st.stm32cube.ide.mcu.externaltools.gnu-tools-for-stm32.11.3.rel1.win32_1.1.100.202309141235/tools/bin/../lib/gcc/arm-none-eabi/11.3.1/../../../../arm-none-eabi/lib/thumb/v7-m/nofp\libc_nano.a(libc_a-memset.o)
                              C:/ST/STM32CubeIDE_1.14.0/STM32CubeIDE/plugins/com.st.stm32cube.ide.mcu.externaltools.gnu-tools-for-stm32.11.3.rel1.win32_1.1.100.202309141235/tools/bin/../lib/gcc/arm-none-eabi/11.3.1/../../../../arm-none-eabi/lib/thumb/v7-m/nofp/crt0.o (memset)
C:/ST/STM32CubeIDE_1.14.0/STM32CubeIDE/plugins/com.st.stm32cube.ide.mcu.externaltools.gnu-tools-for-stm32.11.3.rel1.win32_1.1.100.202309141235/tools/bin/../lib/gcc/arm-none-eabi/11.3.1/../../../../arm-none-eabi/lib/thumb/v7-m/nofp\libc_nano.a(libc_a-closer.o)
                              C:/ST/STM32CubeIDE_1.14.0/STM32CubeIDE/plugins/com.st.stm32cube.ide.mcu.externaltools.gnu-tools-for-stm32.11.3.rel1.win32_1.1.100.202309141235/tools/bin/../lib/gcc/arm-none-eabi/11.3.1/../../../../arm-none-eabi/lib/thumb/v7-m/nofp\libc_nano.a(libc_a-stdio.o) (_close_r)
C:/ST/STM32CubeIDE_1.14.0/STM32CubeIDE/plugins/com.st.stm32cube.ide.mcu.externaltools.gnu-tools-for-stm32.11.3.rel1.win32_1.1.100.202309141235/tools/bin/../lib/gcc/arm-none-eabi/11.3.1/../../../../arm-none-eabi/lib/thumb/v7-m/nofp\libc_nano.a(libc_a-reent.o)
                              C:/ST/STM32CubeIDE_1.14.0/STM32CubeIDE/plugins/com.st.stm32cube.ide.mcu.externaltools.gnu-tools-for-stm32.11.3.rel1.win32_1.1.100.202309141235/tools/bin/../lib/gcc/arm-none-eabi/11.3.1/../../../../arm-none-eabi/lib/thumb/v7-m/nofp\libc_nano.a(libc_a-closer.o) (errno)
C:/ST/STM32CubeIDE_1.14.0/STM32CubeIDE/plugins/com.st.stm32cube.ide.mcu.externaltools.gnu-tools-for-stm32.11.3.rel1.win32_1.1.100.202309141235/tools/bin/../lib/gcc/arm-none-eabi/11.3.1/../../../../arm-none-eabi/lib/thumb/v7-m/nofp\libc_nano.a(libc_a-impure.o)
                              C:/ST/STM32CubeIDE_1.14.0/STM32CubeIDE/plugins/com.st.stm32cube.ide.mcu.externaltools.gnu-tools-for-stm32.11.3.rel1.win32_1.1.100.202309141235/tools/bin/../lib/gcc/arm-none-eabi/11.3.1/../../../../arm-none-eabi/lib/thumb/v7-m/nofp\libc_nano.a(libc_a-reent.o) (_impure_ptr)
C:/ST/STM32CubeIDE_1.14.0/STM32CubeIDE/plugins/com.st.stm32cube.ide.mcu.externaltools.gnu-tools-for-stm32.11.3.rel1.win32_1.1.100.202309141235/tools/bin/../lib/gcc/arm-none-eabi/11.3.1/../../../../arm-none-eabi/lib/thumb/v7-m/nofp\libc_nano.a(libc_a-lseekr.o)
[...]
Memory Configuration

Name             Origin             Length             Attributes
RAM              0x0000000020000000 0x0000000000002800 xrw
FLASH            0x0000000008000000 0x0000000000008000 xr
*default*        0x0000000000000000 0xffffffffffffffff

Linker script and memory map

LOAD C:/ST/STM32CubeIDE_1.14.0/STM32CubeIDE/plugins/com.st.stm32cube.ide.mcu.externaltools.gnu-tools-for-stm32.11.3.rel1.win32_1.1.100.202309141235/tools/bin/../lib/gcc/arm-none-eabi/11.3.1/thumb/v7-m/nofp/crti.o
LOAD C:/ST/STM32CubeIDE_1.14.0/STM32CubeIDE/plugins/com.st.stm32cube.ide.mcu.externaltools.gnu-tools-for-stm32.11.3.rel1.win32_1.1.100.202309141235/tools/bin/../lib/gcc/arm-none-eabi/11.3.1/thumb/v7-m/nofp/crtbegin.o
LOAD C:/ST/STM32CubeIDE_1.14.0/STM32CubeIDE/plugins/com.st.stm32cube.ide.mcu.externaltools.gnu-tools-for-stm32.11.3.rel1.win32_1.1.100.202309141235/tools/bin/../lib/gcc/arm-none-eabi/11.3.1/../../../../arm-none-eabi/lib/thumb/v7-m/nofp/crt0.o
LOAD ./Application/ir_nec.o
LOAD ./Core/Src/main.o
LOAD ./Core/Src/stm32f1xx_hal_msp.o
LOAD ./Core/Src/stm32f1xx_it.o
LOAD ./Core/Src/syscalls.o
LOAD ./Core/Src/sysmem.o
LOAD ./Core/Src/system_stm32f1xx.o
LOAD ./Core/Startup/startup_stm32f103c6tx.o
LOAD ./Drivers/STM32F1xx_HAL_Driver/Src/stm32f1xx_hal.o
LOAD ./Drivers/STM32F1xx_HAL_Driver/Src/stm32f1xx_hal_cortex.o
LOAD ./Drivers/STM32F1xx_HAL_Driver/Src/stm32f1xx_hal_dma.o
LOAD ./Drivers/STM32F1xx_HAL_Driver/Src/stm32f1xx_hal_exti.o
LOAD ./Drivers/STM32F1xx_HAL_Driver/Src/stm32f1xx_hal_flash.o
LOAD ./Drivers/STM32F1xx_HAL_Driver/Src/stm32f1xx_hal_flash_ex.o
LOAD ./Drivers/STM32F1xx_HAL_Driver/Src/stm32f1xx_hal_gpio.o
LOAD ./Drivers/STM32F1xx_HAL_Driver/Src/stm32f1xx_hal_gpio_ex.o
LOAD ./Drivers/STM32F1xx_HAL_Driver/Src/stm32f1xx_hal_pwr.o
LOAD ./Drivers/STM32F1xx_HAL_Driver/Src/stm32f1xx_hal_rcc.o
LOAD ./Drivers/STM32F1xx_HAL_Driver/Src/stm32f1xx_hal_rcc_ex.o
LOAD ./Drivers/STM32F1xx_HAL_Driver/Src/stm32f1xx_hal_tim.o
LOAD ./Drivers/STM32F1xx_HAL_Driver/Src/stm32f1xx_hal_tim_ex.o
LOAD ./Drivers/STM32F1xx_HAL_Driver/Src/stm32f1xx_hal_uart.o
START GROUP
LOAD C:/ST/STM32CubeIDE_1.14.0/STM32CubeIDE/plugins/com.st.stm32cube.ide.mcu.externaltools.gnu-tools-for-stm32.11.3.rel1.win32_1.1.100.202309141235/tools/bin/../lib/gcc/arm-none-eabi/11.3.1/../../../../arm-none-eabi/lib/thumb/v7-m/nofp\libc_nano.a
LOAD C:/ST/STM32CubeIDE_1.14.0/STM32CubeIDE/plugins/com.st.stm32cube.ide.mcu.externaltools.gnu-tools-for-stm32.11.3.rel1.win32_1.1.100.202309141235/tools/bin/../lib/gcc/arm-none-eabi/11.3.1/../../../../arm-none-eabi/lib/thumb/v7-m/nofp\libm.a
END GROUP
START GROUP
LOAD C:/ST/STM32CubeIDE_1.14.0/STM32CubeIDE/plugins/com.st.stm32cube.ide.mcu.externaltools.gnu-tools-for-stm32.11.3.rel1.win32_1.1.100.202309141235/tools/bin/../lib/gcc/arm-none-eabi/11.3.1/thumb/v7-m/nofp\libgcc.a
LOAD C:/ST/STM32CubeIDE_1.14.0/STM32CubeIDE/plugins/com.st.stm32cube.ide.mcu.externaltools.gnu-tools-for-stm32.11.3.rel1.win32_1.1.100.202309141235/tools/bin/../lib/gcc/arm-none-eabi/11.3.1/../../../../arm-none-eabi/lib/thumb/v7-m/nofp\libc_nano.a
END GROUP
START GROUP
LOAD C:/ST/STM32CubeIDE_1.14.0/STM32CubeIDE/plugins/com.st.stm32cube.ide.mcu.externaltools.gnu-tools-for-stm32.11.3.rel1.win32_1.1.100.202309141235/tools/bin/../lib/gcc/arm-none-eabi/11.3.1/thumb/v7-m/nofp\libgcc.a
LOAD C:/ST/STM32CubeIDE_1.14.0/STM32CubeIDE/plugins/com.st.stm32cube.ide.mcu.externaltools.gnu-tools-for-stm32.11.3.rel1.win32_1.1.100.202309141235/tools/bin/../lib/gcc/arm-none-eabi/11.3.1/../../../../arm-none-eabi/lib/thumb/v7-m/nofp\libc_nano.a
LOAD C:/ST/STM32CubeIDE_1.14.0/STM32CubeIDE/plugins/com.st.stm32cube.ide.mcu.externaltools.gnu-tools-for-stm32.11.3.rel1.win32_1.1.100.202309141235/tools/bin/../lib/gcc/arm-none-eabi/11.3.1/../../../../arm-none-eabi/lib/thumb/v7-m/nofp\libnosys.a
END GROUP
START GROUP
LOAD C:/ST/STM32CubeIDE_1.14.0/STM32CubeIDE/plugins/com.st.stm32cube.ide.mcu.externaltools.gnu-tools-for-stm32.11.3.rel1.win32_1.1.100.202309141235/tools/bin/../lib/gcc/arm-none-eabi/11.3.1/thumb/v7-m/nofp\libgcc.a
LOAD C:/ST/STM32CubeIDE_1.14.0/STM32CubeIDE/plugins/com.st.stm32cube.ide.mcu.externaltools.gnu-tools-for-stm32.11.3.rel1.win32_1.1.100.202309141235/tools/bin/../lib/gcc/arm-none-eabi/11.3.1/../../../../arm-none-eabi/lib/thumb/v7-m/nofp\libc_nano.a
LOAD C:/ST/STM32CubeIDE_1.14.0/STM32CubeIDE/plugins/com.st.stm32cube.ide.mcu.externaltools.gnu-tools-for-stm32.11.3.rel1.win32_1.1.100.202309141235/tools/bin/../lib/gcc/arm-none-eabi/11.3.1/../../../../arm-none-eabi/lib/thumb/v7-m/nofp\libnosys.a
END GROUP
LOAD C:/ST/STM32CubeIDE_1.14.0/STM32CubeIDE/plugins/com.st.stm32cube.ide.mcu.externaltools.gnu-tools-for-stm32.11.3.rel1.win32_1.1.100.202309141235/tools/bin/../lib/gcc/arm-none-eabi/11.3.1/thumb/v7-m/nofp/crtend.o
LOAD C:/ST/STM32CubeIDE_1.14.0/STM32CubeIDE/plugins/com.st.stm32cube.ide.mcu.externaltools.gnu-tools-for-stm32.11.3.rel1.win32_1.1.100.202309141235/tools/bin/../lib/gcc/arm-none-eabi/11.3.1/thumb/v7-m/nofp/crtn.o
                0x0000000020002800                _estack = (ORIGIN (RAM) + LENGTH (RAM))
                0x0000000000000200                _Min_Heap_Size = 0x200
                0x0000000000000400                _Min_Stack_Size = 0x400

.isr_vector     0x0000000008000000      0x10c
                0x0000000008000000                . = ALIGN (0x4)
 *(.isr_vector)
 .isr_vector    0x0000000008000000      0x10c ./Core/Startup/startup_stm32f103c6tx.o
                0x0000000008000000                g_pfnVectors
                0x000000000800010c                . = ALIGN (0x4)

.text           0x000000000800010c     0x2e8c
                0x000000000800010c                . = ALIGN (0x4)
 *(.text)
 .text          0x000000000800010c       0x40 C:/ST/STM32CubeIDE_1.14.0/STM32CubeIDE/plugins/com.st.stm32cube.ide.mcu.externaltools.gnu-tools-for-stm32.11.3.rel1.win32_1.1.100.202309141235/tools/bin/../lib/gcc/arm-none-eabi/11.3.1/thumb/v7-m/nofp/crtbegin.o
 *(.text*)
 .text.irInit   0x000000000800014c      0x10c ./Application/ir_nec.o
                0x000000000800014c                irInit
 .text.irReset  0x0000000008000258       0x80 ./Application/ir_nec.o
                0x0000000008000258                irReset
 .text.irStart  0x00000000080002d8       0x98 ./Application/ir_nec.o
                0x00000000080002d8                irStart
 .text.HAL_TIM_IC_CaptureCallback
                0x0000000008000370       0x60 ./Application/ir_nec.o
                0x0000000008000370                HAL_TIM_IC_CaptureCallback
 .text.irGetData
                0x00000000080003d0      0x1a0 ./Application/ir_nec.o
                0x00000000080003d0                irGetData
 .text.irDataDecode
                0x0000000008000570       0xec ./Application/ir_nec.o
                0x0000000008000570                irDataDecode
 .text.irTask   0x000000000800065c       0x54 ./Application/ir_nec.o
                0x000000000800065c                irTask
 .text.main     0x00000000080006b0       0x40 ./Core/Src/main.o
                0x00000000080006b0                main
 .text.SystemClock_Config
                0x00000000080006f0       0x8a ./Core/Src/main.o
                0x00000000080006f0                SystemClock_Config
 *fill*         0x000000000800077a        0x2 
 .text.MX_TIM2_Init
                0x000000000800077c       0xfc ./Core/Src/main.o
 .text.MX_USART2_UART_Init
                0x0000000008000878       0x54 ./Core/Src/main.o
 .text.MX_DMA_Init
                0x00000000080008cc       0x5c ./Core/Src/main.o
 .text.MX_GPIO_Init
                0x0000000008000928       0x98 ./Core/Src/main.o
 .text.Error_Handler
                0x00000000080009c0        0xa ./Core/Src/main.o
                0x00000000080009c0                Error_Handler
 *fill*         0x00000000080009ca        0x2 
 .text.HAL_MspInit
                0x00000000080009cc       0x64 ./Core/Src/stm32f1xx_hal_msp.o
                0x00000000080009cc                HAL_MspInit
 .text.HAL_TIM_Base_MspInit
                0x0000000008000a30      0x134 ./Core/Src/stm32f1xx_hal_msp.o
                0x0000000008000a30                HAL_TIM_Base_MspInit
 .text.HAL_UART_MspInit
                0x0000000008000b64       0xe8 ./Core/Src/stm32f1xx_hal_msp.o
                0x0000000008000b64                HAL_UART_MspInit
 .text.NMI_Handler
                0x0000000008000c4c        0x6 ./Core/Src/stm32f1xx_it.o
                0x0000000008000c4c                NMI_Handler
 .text.HardFault_Handler
                0x0000000008000c52        0x6 ./Core/Src/stm32f1xx_it.o
                0x0000000008000c52                HardFault_Handler
 .text.MemManage_Handler
                0x0000000008000c58        0x6 ./Core/Src/stm32f1xx_it.o
                0x0000000008000c58                MemManage_Handler
 .text.BusFault_Handler
                0x0000000008000c5e        0x6 ./Core/Src/stm32f1xx_it.o
                0x0000000008000c5e                BusFault_Handler
 .text.UsageFault_Handler
                0x0000000008000c64        0x6 ./Core/Src/stm32f1xx_it.o
                0x0000000008000c64                UsageFault_Handler
 .text.SVC_Handler
                0x0000000008000c6a        0xc ./Core/Src/stm32f1xx_it.o
                0x0000000008000c6a                SVC_Handler
 .text.DebugMon_Handler
                0x0000000008000c76        0xc ./Core/Src/stm32f1xx_it.o
                0x0000000008000c76                DebugMon_Handler
 .text.PendSV_Handler
                0x0000000008000c82        0xc ./Core/Src/stm32f1xx_it.o
                0x0000000008000c82                PendSV_Handler
 .text.SysTick_Handler
                0x0000000008000c8e        0xc ./Core/Src/stm32f1xx_it.o
                0x0000000008000c8e                SysTick_Handler
 *fill*         0x0000000008000c9a        0x2 
 .text.DMA1_Channel5_IRQHandler
                0x0000000008000c9c       0x14 ./Core/Src/stm32f1xx_it.o
                0x0000000008000c9c                DMA1_Channel5_IRQHandler
 .text.DMA1_Channel6_IRQHandler
                0x0000000008000cb0       0x14 ./Core/Src/stm32f1xx_it.o
                0x0000000008000cb0                DMA1_Channel6_IRQHandler
 .text.DMA1_Channel7_IRQHandler
                0x0000000008000cc4       0x14 ./Core/Src/stm32f1xx_it.o
                0x0000000008000cc4                DMA1_Channel7_IRQHandler
 .text.SystemInit
                0x0000000008000cd8        0xc ./Core/Src/system_stm32f1xx.o
                0x0000000008000cd8                SystemInit
 .text.Reset_Handler
                0x0000000008000ce4       0x48 ./Core/Startup/startup_stm32f103c6tx.o
                0x0000000008000ce4                Reset_Handler
 .text.Default_Handler
                0x0000000008000d2c        0x2 ./Core/Startup/startup_stm32f103c6tx.o
                0x0000000008000d2c                RTC_Alarm_IRQHandler
                0x0000000008000d2c                EXTI2_IRQHandler
                0x0000000008000d2c                TIM1_CC_IRQHandler
                0x0000000008000d2c                PVD_IRQHandler
                0x0000000008000d2c                EXTI3_IRQHandler
                0x0000000008000d2c                EXTI0_IRQHandler
                0x0000000008000d2c                ADC1_2_IRQHandler
                0x0000000008000d2c                SPI1_IRQHandler
                0x0000000008000d2c                TAMPER_IRQHandler
                0x0000000008000d2c                DMA1_Channel4_IRQHandler
                0x0000000008000d2c                RTC_IRQHandler
                0x0000000008000d2c                CAN1_RX1_IRQHandler
                0x0000000008000d2c                I2C1_EV_IRQHandler
                0x0000000008000d2c                TIM3_IRQHandler
                0x0000000008000d2c                RCC_IRQHandler
                0x0000000008000d2c                TIM1_TRG_COM_IRQHandler
                0x0000000008000d2c                DMA1_Channel1_IRQHandler
                0x0000000008000d2c                Default_Handler
                0x0000000008000d2c                EXTI15_10_IRQHandler
                0x0000000008000d2c                EXTI9_5_IRQHandler
                0x0000000008000d2c                EXTI4_IRQHandler
                0x0000000008000d2c                USB_LP_CAN1_RX0_IRQHandler
                0x0000000008000d2c                USB_HP_CAN1_TX_IRQHandler
                0x0000000008000d2c                DMA1_Channel3_IRQHandler
                0x0000000008000d2c                TIM1_UP_IRQHandler
                0x0000000008000d2c                WWDG_IRQHandler
                0x0000000008000d2c                TIM2_IRQHandler
                0x0000000008000d2c                TIM1_BRK_IRQHandler
                0x0000000008000d2c                EXTI1_IRQHandler
                0x0000000008000d2c                USART2_IRQHandler
                0x0000000008000d2c                DMA1_Channel2_IRQHandler
                0x0000000008000d2c                CAN1_SCE_IRQHandler
                0x0000000008000d2c                FLASH_IRQHandler
                0x0000000008000d2c                USART1_IRQHandler
                0x0000000008000d2c                I2C1_ER_IRQHandler
                0x0000000008000d2c                USBWakeUp_IRQHandler
 *fill*         0x0000000008000d2e        0x2 
 .text.HAL_Init
                0x0000000008000d30       0x2c ./Drivers/STM32F1xx_HAL_Driver/Src/stm32f1xx_hal.o
                0x0000000008000d30                HAL_Init
 .text.HAL_InitTick
                0x0000000008000d5c       0x60 ./Drivers/STM32F1xx_HAL_Driver/Src/stm32f1xx_hal.o
                0x0000000008000d5c                HAL_InitTick
 .text.HAL_IncTick
                0x0000000008000dbc       0x24 ./Drivers/STM32F1xx_HAL_Driver/Src/stm32f1xx_hal.o
                0x0000000008000dbc                HAL_IncTick
 .text.HAL_GetTick
                0x0000000008000de0       0x14 ./Drivers/STM32F1xx_HAL_Driver/Src/stm32f1xx_hal.o
                0x0000000008000de0                HAL_GetTick
 .text.HAL_Delay
                0x0000000008000df4       0x48 ./Drivers/STM32F1xx_HAL_Driver/Src/stm32f1xx_hal.o
                0x0000000008000df4                HAL_Delay
 .text.__NVIC_SetPriorityGrouping
                0x0000000008000e3c       0x48 ./Drivers/STM32F1xx_HAL_Driver/Src/stm32f1xx_hal_cortex.o
 .text.__NVIC_GetPriorityGrouping
                0x0000000008000e84       0x1c ./Drivers/STM32F1xx_HAL_Driver/Src/stm32f1xx_hal_cortex.o
 .text.__NVIC_EnableIRQ
                0x0000000008000ea0       0x38 ./Drivers/STM32F1xx_HAL_Driver/Src/stm32f1xx_hal_cortex.o
 .text.__NVIC_SetPriority
                0x0000000008000ed8       0x54 ./Drivers/STM32F1xx_HAL_Driver/Src/stm32f1xx_hal_cortex.o
 .text.NVIC_EncodePriority
                0x0000000008000f2c       0x64 ./Drivers/STM32F1xx_HAL_Driver/Src/stm32f1xx_hal_cortex.o
 .text.SysTick_Config
                0x0000000008000f90       0x44 ./Drivers/STM32F1xx_HAL_Driver/Src/stm32f1xx_hal_cortex.o
 .text.HAL_NVIC_SetPriorityGrouping
                0x0000000008000fd4       0x16 ./Drivers/STM32F1xx_HAL_Driver/Src/stm32f1xx_hal_cortex.o
                0x0000000008000fd4                HAL_NVIC_SetPriorityGrouping
 .text.HAL_NVIC_SetPriority
                0x0000000008000fea       0x38 ./Drivers/STM32F1xx_HAL_Driver/Src/stm32f1xx_hal_cortex.o
                0x0000000008000fea                HAL_NVIC_SetPriority
 .text.HAL_NVIC_EnableIRQ
                0x0000000008001022       0x1c ./Drivers/STM32F1xx_HAL_Driver/Src/stm32f1xx_hal_cortex.o
                0x0000000008001022                HAL_NVIC_EnableIRQ
 .text.HAL_SYSTICK_Config
                0x000000000800103e       0x18 ./Drivers/STM32F1xx_HAL_Driver/Src/stm32f1xx_hal_cortex.o
                0x000000000800103e                HAL_SYSTICK_Config
 *fill*         0x0000000008001056        0x2 
 .text.HAL_DMA_Init
                0x0000000008001058       0xb4 ./Drivers/STM32F1xx_HAL_Driver/Src/stm32f1xx_hal_dma.o
                0x0000000008001058                HAL_DMA_Init
 .text.HAL_DMA_Start_IT
                0x000000000800110c       0xc0 ./Drivers/STM32F1xx_HAL_Driver/Src/stm32f1xx_hal_dma.o
                0x000000000800110c                HAL_DMA_Start_IT
 .text.HAL_DMA_IRQHandler
                0x00000000080011cc      0x20c ./Drivers/STM32F1xx_HAL_Driver/Src/stm32f1xx_hal_dma.o
                0x00000000080011cc                HAL_DMA_IRQHandler
 .text.DMA_SetConfig
                0x00000000080013d8       0x5a ./Drivers/STM32F1xx_HAL_Driver/Src/stm32f1xx_hal_dma.o
 *fill*         0x0000000008001432        0x2 
 .text.HAL_GPIO_Init
                0x0000000008001434      0x2f8 ./Drivers/STM32F1xx_HAL_Driver/Src/stm32f1xx_hal_gpio.o
                0x0000000008001434                HAL_GPIO_Init
 .text.HAL_GPIO_WritePin
                0x000000000800172c       0x30 ./Drivers/STM32F1xx_HAL_Driver/Src/stm32f1xx_hal_gpio.o
                0x000000000800172c                HAL_GPIO_WritePin
 .text.HAL_RCC_OscConfig
                0x000000000800175c      0x504 ./Drivers/STM32F1xx_HAL_Driver/Src/stm32f1xx_hal_rcc.o
                0x000000000800175c                HAL_RCC_OscConfig
 .text.HAL_RCC_ClockConfig
                0x0000000008001c60      0x1d4 ./Drivers/STM32F1xx_HAL_Driver/Src/stm32f1xx_hal_rcc.o
                0x0000000008001c60                HAL_RCC_ClockConfig
 .text.HAL_RCC_GetSysClockFreq
                0x0000000008001e34       0xa8 ./Drivers/STM32F1xx_HAL_Driver/Src/stm32f1xx_hal_rcc.o
                0x0000000008001e34                HAL_RCC_GetSysClockFreq
 .text.HAL_RCC_GetHCLKFreq
                0x0000000008001edc       0x14 ./Drivers/STM32F1xx_HAL_Driver/Src/stm32f1xx_hal_rcc.o
                0x0000000008001edc                HAL_RCC_GetHCLKFreq
 .text.HAL_RCC_GetPCLK1Freq
                0x0000000008001ef0       0x28 ./Drivers/STM32F1xx_HAL_Driver/Src/stm32f1xx_hal_rcc.o
                0x0000000008001ef0                HAL_RCC_GetPCLK1Freq
 .text.HAL_RCC_GetPCLK2Freq
                0x0000000008001f18       0x28 ./Drivers/STM32F1xx_HAL_Driver/Src/stm32f1xx_hal_rcc.o
                0x0000000008001f18                HAL_RCC_GetPCLK2Freq
 .text.RCC_Delay
                0x0000000008001f40       0x3c ./Drivers/STM32F1xx_HAL_Driver/Src/stm32f1xx_hal_rcc.o
 .text.HAL_TIM_Base_Init
                0x0000000008001f7c       0x9e ./Drivers/STM32F1xx_HAL_Driver/Src/stm32f1xx_hal_tim.o
                0x0000000008001f7c                HAL_TIM_Base_Init
 .text.HAL_TIM_IC_Init
                0x000000000800201a       0x9e ./Drivers/STM32F1xx_HAL_Driver/Src/stm32f1xx_hal_tim.o
                0x000000000800201a                HAL_TIM_IC_Init
 .text.HAL_TIM_IC_MspInit
                0x00000000080020b8       0x12 ./Drivers/STM32F1xx_HAL_Driver/Src/stm32f1xx_hal_tim.o
                0x00000000080020b8                HAL_TIM_IC_MspInit
 *fill*         0x00000000080020ca        0x2 
 .text.HAL_TIM_IC_Start_DMA
                0x00000000080020cc      0x310 ./Drivers/STM32F1xx_HAL_Driver/Src/stm32f1xx_hal_tim.o
                0x00000000080020cc                HAL_TIM_IC_Start_DMA
 .text.HAL_TIM_IC_ConfigChannel
                0x00000000080023dc      0x138 ./Drivers/STM32F1xx_HAL_Driver/Src/stm32f1xx_hal_tim.o
                0x00000000080023dc                HAL_TIM_IC_ConfigChannel
 .text.HAL_TIM_ConfigClockSource
                0x0000000008002514      0x18e ./Drivers/STM32F1xx_HAL_Driver/Src/stm32f1xx_hal_tim.o
                0x0000000008002514                HAL_TIM_ConfigClockSource
 .text.HAL_TIM_IC_CaptureHalfCpltCallback
                0x00000000080026a2       0x12 ./Drivers/STM32F1xx_HAL_Driver/Src/stm32f1xx_hal_tim.o
                0x00000000080026a2                HAL_TIM_IC_CaptureHalfCpltCallback
 .text.HAL_TIM_ErrorCallback
                0x00000000080026b4       0x12 ./Drivers/STM32F1xx_HAL_Driver/Src/stm32f1xx_hal_tim.o
                0x00000000080026b4                HAL_TIM_ErrorCallback
 .text.TIM_DMAError
                0x00000000080026c6       0x92 ./Drivers/STM32F1xx_HAL_Driver/Src/stm32f1xx_hal_tim.o
                0x00000000080026c6                TIM_DMAError
 .text.TIM_DMACaptureCplt
                0x0000000008002758       0xc8 ./Drivers/STM32F1xx_HAL_Driver/Src/stm32f1xx_hal_tim.o
                0x0000000008002758                TIM_DMACaptureCplt
 .text.TIM_DMACaptureHalfCplt
                0x0000000008002820       0x68 ./Drivers/STM32F1xx_HAL_Driver/Src/stm32f1xx_hal_tim.o
                0x0000000008002820                TIM_DMACaptureHalfCplt
 .text.TIM_Base_SetConfig
                0x0000000008002888       0xb0 ./Drivers/STM32F1xx_HAL_Driver/Src/stm32f1xx_hal_tim.o
                0x0000000008002888                TIM_Base_SetConfig
 .text.TIM_TI1_SetConfig
                0x0000000008002938       0xa8 ./Drivers/STM32F1xx_HAL_Driver/Src/stm32f1xx_hal_tim.o
                0x0000000008002938                TIM_TI1_SetConfig
 .text.TIM_TI1_ConfigInputStage
                0x00000000080029e0       0x5c ./Drivers/STM32F1xx_HAL_Driver/Src/stm32f1xx_hal_tim.o
 .text.TIM_TI2_SetConfig
                0x0000000008002a3c       0x78 ./Drivers/STM32F1xx_HAL_Driver/Src/stm32f1xx_hal_tim.o
 .text.TIM_TI2_ConfigInputStage
                0x0000000008002ab4       0x5e ./Drivers/STM32F1xx_HAL_Driver/Src/stm32f1xx_hal_tim.o
 .text.TIM_TI3_SetConfig
                0x0000000008002b12       0x76 ./Drivers/STM32F1xx_HAL_Driver/Src/stm32f1xx_hal_tim.o
 .text.TIM_TI4_SetConfig
                0x0000000008002b88       0x78 ./Drivers/STM32F1xx_HAL_Driver/Src/stm32f1xx_hal_tim.o
 .text.TIM_ITRx_SetConfig
                0x0000000008002c00       0x34 ./Drivers/STM32F1xx_HAL_Driver/Src/stm32f1xx_hal_tim.o
 .text.TIM_ETR_SetConfig
                0x0000000008002c34       0x3e ./Drivers/STM32F1xx_HAL_Driver/Src/stm32f1xx_hal_tim.o
                0x0000000008002c34                TIM_ETR_SetConfig
 .text.TIM_CCxChannelCmd
                0x0000000008002c72       0x48 ./Drivers/STM32F1xx_HAL_Driver/Src/stm32f1xx_hal_tim.o
                0x0000000008002c72                TIM_CCxChannelCmd
 *fill*         0x0000000008002cba        0x2 
 .text.HAL_TIMEx_MasterConfigSynchronization
                0x0000000008002cbc       0xb0 ./Drivers/STM32F1xx_HAL_Driver/Src/stm32f1xx_hal_tim_ex.o
                0x0000000008002cbc                HAL_TIMEx_MasterConfigSynchronization
 .text.HAL_UART_Init
                0x0000000008002d6c       0xa0 ./Drivers/STM32F1xx_HAL_Driver/Src/stm32f1xx_hal_uart.o
                0x0000000008002d6c                HAL_UART_Init
 .text.UART_SetConfig
                0x0000000008002e0c      0x11c ./Drivers/STM32F1xx_HAL_Driver/Src/stm32f1xx_hal_uart.o
 .text.memset   0x0000000008002f28       0x10 C:/ST/STM32CubeIDE_1.14.0/STM32CubeIDE/plugins/com.st.stm32cube.ide.mcu.externaltools.gnu-tools-for-stm32.11.3.rel1.win32_1.1.100.202309141235/tools/bin/../lib/gcc/arm-none-eabi/11.3.1/../../../../arm-none-eabi/lib/thumb/v7-m/nofp\libc_nano.a(libc_a-memset.o)
                0x0000000008002f28                memset
 .text.__libc_init_array
                0x0000000008002f38       0x48 C:/ST/STM32CubeIDE_1.14.0/STM32CubeIDE/plugins/com.st.stm32cube.ide.mcu.externaltools.gnu-tools-for-stm32.11.3.rel1.win32_1.1.100.202309141235/tools/bin/../lib/gcc/arm-none-eabi/11.3.1/../../../../arm-none-eabi/lib/thumb/v7-m/nofp\libc_nano.a(libc_a-init.o)
                0x0000000008002f38                __libc_init_array
 *(.glue_7)
 .glue_7        0x0000000008002f80        0x0 linker stubs
 *(.glue_7t)
 .glue_7t       0x0000000008002f80        0x0 linker stubs
 *(.eh_frame)
 .eh_frame      0x0000000008002f80        0x0 C:/ST/STM32CubeIDE_1.14.0/STM32CubeIDE/plugins/com.st.stm32cube.ide.mcu.externaltools.gnu-tools-for-stm32.11.3.rel1.win32_1.1.100.202309141235/tools/bin/../lib/gcc/arm-none-eabi/11.3.1/thumb/v7-m/nofp/crtbegin.o
 *(.init)
 .init          0x0000000008002f80        0x4 C:/ST/STM32CubeIDE_1.14.0/STM32CubeIDE/plugins/com.st.stm32cube.ide.mcu.externaltools.gnu-tools-for-stm32.11.3.rel1.win32_1.1.100.202309141235/tools/bin/../lib/gcc/arm-none-eabi/11.3.1/thumb/v7-m/nofp/crti.o
                0x0000000008002f80                _init
 .init          0x0000000008002f84        0x8 C:/ST/STM32CubeIDE_1.14.0/STM32CubeIDE/plugins/com.st.stm32cube.ide.mcu.externaltools.gnu-tools-for-stm32.11.3.rel1.win32_1.1.100.202309141235/tools/bin/../lib/gcc/arm-none-eabi/11.3.1/thumb/v7-m/nofp/crtn.o
 *(.fini)
 .fini          0x0000000008002f8c        0x4 C:/ST/STM32CubeIDE_1.14.0/STM32CubeIDE/plugins/com.st.stm32cube.ide.mcu.externaltools.gnu-tools-for-stm32.11.3.rel1.win32_1.1.100.202309141235/tools/bin/../lib/gcc/arm-none-eabi/11.3.1/thumb/v7-m/nofp/crti.o
                0x0000000008002f8c                _fini
 .fini          0x0000000008002f90        0x8 C:/ST/STM32CubeIDE_1.14.0/STM32CubeIDE/plugins/com.st.stm32cube.ide.mcu.externaltools.gnu-tools-for-stm32.11.3.rel1.win32_1.1.100.202309141235/tools/bin/../lib/gcc/arm-none-eabi/11.3.1/thumb/v7-m/nofp/crtn.o
                0x0000000008002f98                . = ALIGN (0x4)
                0x0000000008002f98                _etext = .

.vfp11_veneer   0x0000000008002f98        0x0
 .vfp11_veneer  0x0000000008002f98        0x0 linker stubs

.v4_bx          0x0000000008002f98        0x0
 .v4_bx         0x0000000008002f98        0x0 linker stubs

.iplt           0x0000000008002f98        0x0
 .iplt          0x0000000008002f98        0x0 C:/ST/STM32CubeIDE_1.14.0/STM32CubeIDE/plugins/com.st.stm32cube.ide.mcu.externaltools.gnu-tools-for-stm32.11.3.rel1.win32_1.1.100.202309141235/tools/bin/../lib/gcc/arm-none-eabi/11.3.1/thumb/v7-m/nofp/crtbegin.o

.rodata         0x0000000008002f98       0x2c
                0x0000000008002f98                . = ALIGN (0x4)
 *(.rodata)
 *(.rodata*)
 .rodata.AHBPrescTable
                0x0000000008002f98       0x10 ./Core/Src/system_stm32f1xx.o
                0x0000000008002f98                AHBPrescTable
 .rodata.APBPrescTable
                0x0000000008002fa8        0x8 ./Core/Src/system_stm32f1xx.o
                0x0000000008002fa8                APBPrescTable
 .rodata.aPLLMULFactorTable.1
                0x0000000008002fb0       0x10 ./Drivers/STM32F1xx_HAL_Driver/Src/stm32f1xx_hal_rcc.o
 .rodata.aPredivFactorTable.0
                0x0000000008002fc0        0x2 ./Drivers/STM32F1xx_HAL_Driver/Src/stm32f1xx_hal_rcc.o
                0x0000000008002fc4                . = ALIGN (0x4)
 *fill*         0x0000000008002fc2        0x2 

.rel.dyn        0x0000000008002fc4        0x0
 .rel.iplt      0x0000000008002fc4        0x0 C:/ST/STM32CubeIDE_1.14.0/STM32CubeIDE/plugins/com.st.stm32cube.ide.mcu.externaltools.gnu-tools-for-stm32.11.3.rel1.win32_1.1.100.202309141235/tools/bin/../lib/gcc/arm-none-eabi/11.3.1/thumb/v7-m/nofp/crtbegin.o

.ARM.extab      0x0000000008002fc4        0x0
                0x0000000008002fc4                . = ALIGN (0x4)
 *(.ARM.extab* .gnu.linkonce.armextab.*)
                0x0000000008002fc4                . = ALIGN (0x4)

.ARM            0x0000000008002fc4        0x0
                0x0000000008002fc4                . = ALIGN (0x4)
                0x0000000008002fc4                __exidx_start = .
 *(.ARM.exidx*)
                0x0000000008002fc4                __exidx_end = .
                0x0000000008002fc4                . = ALIGN (0x4)

.preinit_array  0x0000000008002fc4        0x0
                0x0000000008002fc4                . = ALIGN (0x4)
                0x0000000008002fc4                PROVIDE (__preinit_array_start = .)
 *(.preinit_array*)
                0x0000000008002fc4                PROVIDE (__preinit_array_end = .)
                0x0000000008002fc4                . = ALIGN (0x4)

.init_array     0x0000000008002fc4        0x4
                0x0000000008002fc4                . = ALIGN (0x4)
                0x0000000008002fc4                PROVIDE (__init_array_start = .)
 *(SORT_BY_NAME(.init_array.*))
 *(.init_array*)
 .init_array    0x0000000008002fc4        0x4 C:/ST/STM32CubeIDE_1.14.0/STM32CubeIDE/plugins/com.st.stm32cube.ide.mcu.externaltools.gnu-tools-for-stm32.11.3.rel1.win32_1.1.100.202309141235/tools/bin/../lib/gcc/arm-none-eabi/11.3.1/thumb/v7-m/nofp/crtbegin.o
                0x0000000008002fc8                PROVIDE (__init_array_end = .)
                0x0000000008002fc8                . = ALIGN (0x4)

.fini_array     0x0000000008002fc8        0x4
                0x0000000008002fc8                . = ALIGN (0x4)
                [!provide]                        PROVIDE (__fini_array_start = .)
 *(SORT_BY_NAME(.fini_array.*))
 *(.fini_array*)
 .fini_array    0x0000000008002fc8        0x4 C:/ST/STM32CubeIDE_1.14.0/STM32CubeIDE/plugins/com.st.stm32cube.ide.mcu.externaltools.gnu-tools-for-stm32.11.3.rel1.win32_1.1.100.202309141235/tools/bin/../lib/gcc/arm-none-eabi/11.3.1/thumb/v7-m/nofp/crtbegin.o
                [!provide]                        PROVIDE (__fini_array_end = .)
                0x0000000008002fcc                . = ALIGN (0x4)
                0x0000000008002fcc                _sidata = LOADADDR (.data)

.data           0x0000000020000000       0x10 load address 0x0000000008002fcc
                0x0000000020000000                . = ALIGN (0x4)
                0x0000000020000000                _sdata = .
 *(.data)
 *(.data*)
 .data.used_timer
                0x0000000020000000        0x4 ./Application/ir_nec.o
 .data.SystemCoreClock
                0x0000000020000004        0x4 ./Core/Src/system_stm32f1xx.o
                0x0000000020000004                SystemCoreClock
 .data.uwTickPrio
                0x0000000020000008        0x4 ./Drivers/STM32F1xx_HAL_Driver/Src/stm32f1xx_hal.o
                0x0000000020000008                uwTickPrio
 .data.uwTickFreq
                0x000000002000000c        0x1 ./Drivers/STM32F1xx_HAL_Driver/Src/stm32f1xx_hal.o
                0x000000002000000c                uwTickFreq
 *(.RamFunc)
 *(.RamFunc*)
                0x0000000020000010                . = ALIGN (0x4)
 *fill*         0x000000002000000d        0x3 
                0x0000000020000010                _edata = .

.igot.plt       0x0000000020000010        0x0 load address 0x0000000008002fdc
 .igot.plt      0x0000000020000010        0x0 C:/ST/STM32CubeIDE_1.14.0/STM32CubeIDE/plugins/com.st.stm32cube.ide.mcu.externaltools.gnu-tools-for-stm32.11.3.rel1.win32_1.1.100.202309141235/tools/bin/../lib/gcc/arm-none-eabi/11.3.1/thumb/v7-m/nofp/crtbegin.o
                0x0000000020000010                . = ALIGN (0x4)

.bss            0x0000000020000010      0x274 load address 0x0000000008002fdc
                0x0000000020000010                _sbss = .
                0x0000000020000010                __bss_start__ = _sbss
 *(.bss)
 .bss           0x0000000020000010       0x1c C:/ST/STM32CubeIDE_1.14.0/STM32CubeIDE/plugins/com.st.stm32cube.ide.mcu.externaltools.gnu-tools-for-stm32.11.3.rel1.win32_1.1.100.202309141235/tools/bin/../lib/gcc/arm-none-eabi/11.3.1/thumb/v7-m/nofp/crtbegin.o
 *(.bss*)
 .bss.isInit    0x000000002000002c        0x1 ./Application/ir_nec.o
                0x000000002000002c                isInit
 *fill*         0x000000002000002d        0x3 
 .bss.nec       0x0000000020000030       0xf2 ./Application/ir_nec.o
                0x0000000020000030                nec
 *fill*         0x0000000020000122        0x2 
 .bss.htim2     0x0000000020000124       0x48 ./Core/Src/main.o
                0x0000000020000124                htim2
 .bss.hdma_tim2_ch1
                0x000000002000016c       0x44 ./Core/Src/main.o
                0x000000002000016c                hdma_tim2_ch1
 .bss.hdma_tim2_ch2_ch4
                0x00000000200001b0       0x44 ./Core/Src/main.o
                0x00000000200001b0                hdma_tim2_ch2_ch4
 .bss.huart2    0x00000000200001f4       0x48 ./Core/Src/main.o
                0x00000000200001f4                huart2
 .bss.hdma_usart2_rx
                0x000000002000023c       0x44 ./Core/Src/main.o
                0x000000002000023c                hdma_usart2_rx
 .bss.uwTick    0x0000000020000280        0x4 ./Drivers/STM32F1xx_HAL_Driver/Src/stm32f1xx_hal.o
                0x0000000020000280                uwTick
 *(COMMON)
                0x0000000020000284                . = ALIGN (0x4)
                0x0000000020000284                _ebss = .
                0x0000000020000284                __bss_end__ = _ebss

._user_heap_stack
                0x0000000020000284      0x604 load address 0x0000000008002fdc
                0x0000000020000288                . = ALIGN (0x8)
 *fill*         0x0000000020000284        0x4 
                [!provide]                        PROVIDE (end = .)
                0x0000000020000288                PROVIDE (_end = .)
                0x0000000020000488                . = (. + _Min_Heap_Size)
 *fill*         0x0000000020000288      0x200 
                0x0000000020000888                . = (. + _Min_Stack_Size)
 *fill*         0x0000000020000488      0x400 
                0x0000000020000888                . = ALIGN (0x8)

/DISCARD/
 libc.a(*)
 libm.a(*)
 libgcc.a(*)

.ARM.attributes
                0x0000000000000000       0x29
 *(.ARM.attributes)
 .ARM.attributes
                0x0000000000000000       0x1d C:/ST/STM32CubeIDE_1.14.0/STM32CubeIDE/plugins/com.st.stm32cube.ide.mcu.externaltools.gnu-tools-for-stm32.11.3.rel1.win32_1.1.100.202309141235/tools/bin/../lib/gcc/arm-none-eabi/11.3.1/thumb/v7-m/nofp/crti.o
 .ARM.attributes
                0x000000000000001d       0x2d C:/ST/STM32CubeIDE_1.14.0/STM32CubeIDE/plugins/com.st.stm32cube.ide.mcu.externaltools.gnu-tools-for-stm32.11.3.rel1.win32_1.1.100.202309141235/tools/bin/../lib/gcc/arm-none-eabi/11.3.1/thumb/v7-m/nofp/crtbegin.o
 .ARM.attributes
                0x000000000000004a       0x2d ./Application/ir_nec.o
 .ARM.attributes
                0x0000000000000077       0x2d ./Core/Src/main.o
 .ARM.attributes
                0x00000000000000a4       0x2d ./Core/Src/stm32f1xx_hal_msp.o
 .ARM.attributes
                0x00000000000000d1       0x2d ./Core/Src/stm32f1xx_it.o
 .ARM.attributes
                0x00000000000000fe       0x2d ./Core/Src/system_stm32f1xx.o
 .ARM.attributes
                0x000000000000012b       0x21 ./Core/Startup/startup_stm32f103c6tx.o
 .ARM.attributes
                0x000000000000014c       0x2d ./Drivers/STM32F1xx_HAL_Driver/Src/stm32f1xx_hal.o
 .ARM.attributes
                0x0000000000000179       0x2d ./Drivers/STM32F1xx_HAL_Driver/Src/stm32f1xx_hal_cortex.o
 .ARM.attributes
                0x00000000000001a6       0x2d ./Drivers/STM32F1xx_HAL_Driver/Src/stm32f1xx_hal_dma.o
 .ARM.attributes
                0x00000000000001d3       0x2d ./Drivers/STM32F1xx_HAL_Driver/Src/stm32f1xx_hal_gpio.o
 .ARM.attributes
                0x0000000000000200       0x2d ./Drivers/STM32F1xx_HAL_Driver/Src/stm32f1xx_hal_rcc.o
 .ARM.attributes
                0x000000000000022d       0x2d ./Drivers/STM32F1xx_HAL_Driver/Src/stm32f1xx_hal_tim.o
 .ARM.attributes
                0x000000000000025a       0x2d ./Drivers/STM32F1xx_HAL_Driver/Src/stm32f1xx_hal_tim_ex.o
 .ARM.attributes
                0x0000000000000287       0x2d ./Drivers/STM32F1xx_HAL_Driver/Src/stm32f1xx_hal_uart.o
 .ARM.attributes
                0x00000000000002b4       0x2d C:/ST/STM32CubeIDE_1.14.0/STM32CubeIDE/plugins/com.st.stm32cube.ide.mcu.externaltools.gnu-tools-for-stm32.11.3.rel1.win32_1.1.100.202309141235/tools/bin/../lib/gcc/arm-none-eabi/11.3.1/../../../../arm-none-eabi/lib/thumb/v7-m/nofp\libc_nano.a(libc_a-memset.o)
 .ARM.attributes
                0x00000000000002e1       0x2d C:/ST/STM32CubeIDE_1.14.0/STM32CubeIDE/plugins/com.st.stm32cube.ide.mcu.externaltools.gnu-tools-for-stm32.11.3.rel1.win32_1.1.100.202309141235/tools/bin/../lib/gcc/arm-none-eabi/11.3.1/../../../../arm-none-eabi/lib/thumb/v7-m/nofp\libc_nano.a(libc_a-init.o)
 .ARM.attributes
                0x000000000000030e       0x1d C:/ST/STM32CubeIDE_1.14.0/STM32CubeIDE/plugins/com.st.stm32cube.ide.mcu.externaltools.gnu-tools-for-stm32.11.3.rel1.win32_1.1.100.202309141235/tools/bin/../lib/gcc/arm-none-eabi/11.3.1/thumb/v7-m/nofp/crtn.o
OUTPUT(stm32-nec-fixed-ver2.elf elf32-littlearm)
LOAD linker stubs
LOAD C:/ST/STM32CubeIDE_1.14.0/STM32CubeIDE/plugins/com.st.stm32cube.ide.mcu.externaltools.gnu-tools-for-stm32.11.3.rel1.win32_1.1.100.202309141235/tools/bin/../lib/gcc/arm-none-eabi/11.3.1/../../../../arm-none-eabi/lib/thumb/v7-m/nofp\libc.a
LOAD C:/ST/STM32CubeIDE_1.14.0/STM32CubeIDE/plugins/com.st.stm32cube.ide.mcu.externaltools.gnu-tools-for-stm32.11.3.rel1.win32_1.1.100.202309141235/tools/bin/../lib/gcc/arm-none-eabi/11.3.1/../../../../arm-none-eabi/lib/thumb/v7-m/nofp\libm.a
LOAD C:/ST/STM32CubeIDE_1.14.0/STM32CubeIDE/plugins/com.st.stm32cube.ide.mcu.externaltools.gnu-tools-for-stm32.11.3.rel1.win32_1.1.100.202309141235/tools/bin/../lib/gcc/arm-none-eabi/11.3.1/thumb/v7-m/nofp\libgcc.a

.comment        0x0000000000000000       0x43
 .comment       0x0000000000000000       0x43 C:/ST/STM32CubeIDE_1.14.0/STM32CubeIDE/plugins/com.st.stm32cube.ide.mcu.externaltools.gnu-tools-for-stm32.11.3.rel1.win32_1.1.100.202309141235/tools/bin/../lib/gcc/arm-none-eabi/11.3.1/thumb/v7-m/nofp/crtbegin.o
                                         0x44 (size before relaxing)
 .comment       0x0000000000000043       0x44 ./Application/ir_nec.o
 .comment       0x0000000000000043       0x44 ./Core/Src/main.o
 .comment       0x0000000000000043       0x44 ./Core/Src/stm32f1xx_hal_msp.o
 .comment       0x0000000000000043       0x44 ./Core/Src/stm32f1xx_it.o
 .comment       0x0000000000000043       0x44 ./Core/Src/system_stm32f1xx.o
 .comment       0x0000000000000043       0x44 ./Drivers/STM32F1xx_HAL_Driver/Src/stm32f1xx_hal.o
 .comment       0x0000000000000043       0x44 ./Drivers/STM32F1xx_HAL_Driver/Src/stm32f1xx_hal_cortex.o
 .comment       0x0000000000000043       0x44 ./Drivers/STM32F1xx_HAL_Driver/Src/stm32f1xx_hal_dma.o
 .comment       0x0000000000000043       0x44 ./Drivers/STM32F1xx_HAL_Driver/Src/stm32f1xx_hal_gpio.o
 .comment       0x0000000000000043       0x44 ./Drivers/STM32F1xx_HAL_Driver/Src/stm32f1xx_hal_rcc.o
 .comment       0x0000000000000043       0x44 ./Drivers/STM32F1xx_HAL_Driver/Src/stm32f1xx_hal_tim.o
 .comment       0x0000000000000043       0x44 ./Drivers/STM32F1xx_HAL_Driver/Src/stm32f1xx_hal_tim_ex.o
 .comment       0x0000000000000043       0x44 ./Drivers/STM32F1xx_HAL_Driver/Src/stm32f1xx_hal_uart.o

.debug_info     0x0000000000000000     0xbf34
 .debug_info    0x0000000000000000      0x962 ./Application/ir_nec.o
 .debug_info    0x0000000000000962     0x1098 ./Core/Src/main.o
 .debug_info    0x00000000000019fa      0xc46 ./Core/Src/stm32f1xx_hal_msp.o
 .debug_info    0x0000000000002640      0x390 ./Core/Src/stm32f1xx_it.o
 .debug_info    0x00000000000029d0      0x222 ./Core/Src/system_stm32f1xx.o
 .debug_info    0x0000000000002bf2       0x23 ./Core/Startup/startup_stm32f103c6tx.o
 .debug_info    0x0000000000002c15      0x6e6 ./Drivers/STM32F1xx_HAL_Driver/Src/stm32f1xx_hal.o
 .debug_info    0x00000000000032fb      0xa69 ./Drivers/STM32F1xx_HAL_Driver/Src/stm32f1xx_hal_cortex.o
 .debug_info    0x0000000000003d64      0x6d2 ./Drivers/STM32F1xx_HAL_Driver/Src/stm32f1xx_hal_dma.o
 .debug_info    0x0000000000004436      0x5ab ./Drivers/STM32F1xx_HAL_Driver/Src/stm32f1xx_hal_gpio.o
 .debug_info    0x00000000000049e1      0x7d5 ./Drivers/STM32F1xx_HAL_Driver/Src/stm32f1xx_hal_rcc.o
 .debug_info    0x00000000000051b6     0x293b ./Drivers/STM32F1xx_HAL_Driver/Src/stm32f1xx_hal_tim.o
 .debug_info    0x0000000000007af1     0x149b ./Drivers/STM32F1xx_HAL_Driver/Src/stm32f1xx_hal_tim_ex.o
 .debug_info    0x0000000000008f8c     0x2fa8 ./Drivers/STM32F1xx_HAL_Driver/Src/stm32f1xx_hal_uart.o

.debug_abbrev   0x0000000000000000     0x1d9e
 .debug_abbrev  0x0000000000000000      0x266 ./Application/ir_nec.o
 .debug_abbrev  0x0000000000000266      0x306 ./Core/Src/main.o
 .debug_abbrev  0x000000000000056c      0x1ff ./Core/Src/stm32f1xx_hal_msp.o
 .debug_abbrev  0x000000000000076b      0x170 ./Core/Src/stm32f1xx_it.o
 .debug_abbrev  0x00000000000008db      0x13f ./Core/Src/system_stm32f1xx.o
 .debug_abbrev  0x0000000000000a1a       0x12 ./Core/Startup/startup_stm32f103c6tx.o
 .debug_abbrev  0x0000000000000a2c      0x201 ./Drivers/STM32F1xx_HAL_Driver/Src/stm32f1xx_hal.o
 .debug_abbrev  0x0000000000000c2d      0x2f8 ./Drivers/STM32F1xx_HAL_Driver/Src/stm32f1xx_hal_cortex.o
 .debug_abbrev  0x0000000000000f25      0x20b ./Drivers/STM32F1xx_HAL_Driver/Src/stm32f1xx_hal_dma.o
 .debug_abbrev  0x0000000000001130      0x1ca ./Drivers/STM32F1xx_HAL_Driver/Src/stm32f1xx_hal_gpio.o
 .debug_abbrev  0x00000000000012fa      0x2b3 ./Drivers/STM32F1xx_HAL_Driver/Src/stm32f1xx_hal_rcc.o
 .debug_abbrev  0x00000000000015ad      0x277 ./Drivers/STM32F1xx_HAL_Driver/Src/stm32f1xx_hal_tim.o
 .debug_abbrev  0x0000000000001824      0x282 ./Drivers/STM32F1xx_HAL_Driver/Src/stm32f1xx_hal_tim_ex.o
 .debug_abbrev  0x0000000000001aa6      0x2f8 ./Drivers/STM32F1xx_HAL_Driver/Src/stm32f1xx_hal_uart.o

.debug_aranges  0x0000000000000000      0xc30
 .debug_aranges
                0x0000000000000000       0x50 ./Application/ir_nec.o
 .debug_aranges
                0x0000000000000050       0x50 ./Core/Src/main.o
 .debug_aranges
                0x00000000000000a0       0x40 ./Core/Src/stm32f1xx_hal_msp.o
 .debug_aranges
                0x00000000000000e0       0x78 ./Core/Src/stm32f1xx_it.o
 .debug_aranges
                0x0000000000000158       0x28 ./Core/Src/system_stm32f1xx.o
 .debug_aranges
                0x0000000000000180       0x28 ./Core/Startup/startup_stm32f103c6tx.o
 .debug_aranges
                0x00000000000001a8       0xe0 ./Drivers/STM32F1xx_HAL_Driver/Src/stm32f1xx_hal.o
 .debug_aranges
                0x0000000000000288      0x100 ./Drivers/STM32F1xx_HAL_Driver/Src/stm32f1xx_hal_cortex.o
 .debug_aranges
                0x0000000000000388       0x80 ./Drivers/STM32F1xx_HAL_Driver/Src/stm32f1xx_hal_dma.o
 .debug_aranges
                0x0000000000000408       0x58 ./Drivers/STM32F1xx_HAL_Driver/Src/stm32f1xx_hal_gpio.o
 .debug_aranges
                0x0000000000000460       0x90 ./Drivers/STM32F1xx_HAL_Driver/Src/stm32f1xx_hal_rcc.o
 .debug_aranges
                0x00000000000004f0      0x3d0 ./Drivers/STM32F1xx_HAL_Driver/Src/stm32f1xx_hal_tim.o
 .debug_aranges
                0x00000000000008c0      0x168 ./Drivers/STM32F1xx_HAL_Driver/Src/stm32f1xx_hal_tim_ex.o
 .debug_aranges
                0x0000000000000a28      0x208 ./Drivers/STM32F1xx_HAL_Driver/Src/stm32f1xx_hal_uart.o

.debug_rnglists
                0x0000000000000000      0x993
 .debug_rnglists
                0x0000000000000000       0x3c ./Application/ir_nec.o
 .debug_rnglists
                0x000000000000003c       0x3a ./Core/Src/main.o
 .debug_rnglists
                0x0000000000000076       0x2d ./Core/Src/stm32f1xx_hal_msp.o
 .debug_rnglists
                0x00000000000000a3       0x55 ./Core/Src/stm32f1xx_it.o
 .debug_rnglists
                0x00000000000000f8       0x1a ./Core/Src/system_stm32f1xx.o
 .debug_rnglists
                0x0000000000000112       0x19 ./Core/Startup/startup_stm32f103c6tx.o
 .debug_rnglists
                0x000000000000012b       0xa3 ./Drivers/STM32F1xx_HAL_Driver/Src/stm32f1xx_hal.o
 .debug_rnglists
                0x00000000000001ce       0xbb ./Drivers/STM32F1xx_HAL_Driver/Src/stm32f1xx_hal_cortex.o
 .debug_rnglists
                0x0000000000000289       0x64 ./Drivers/STM32F1xx_HAL_Driver/Src/stm32f1xx_hal_dma.o
 .debug_rnglists
                0x00000000000002ed       0x3f ./Drivers/STM32F1xx_HAL_Driver/Src/stm32f1xx_hal_gpio.o
 .debug_rnglists
                0x000000000000032c       0x6c ./Drivers/STM32F1xx_HAL_Driver/Src/stm32f1xx_hal_rcc.o
 .debug_rnglists
                0x0000000000000398      0x31a ./Drivers/STM32F1xx_HAL_Driver/Src/stm32f1xx_hal_tim.o
 .debug_rnglists
                0x00000000000006b2      0x125 ./Drivers/STM32F1xx_HAL_Driver/Src/stm32f1xx_hal_tim_ex.o
 .debug_rnglists
                0x00000000000007d7      0x1bc ./Drivers/STM32F1xx_HAL_Driver/Src/stm32f1xx_hal_uart.o

.debug_macro    0x0000000000000000    0x1738a
 .debug_macro   0x0000000000000000      0x288 ./Application/ir_nec.o
 .debug_macro   0x0000000000000288      0xa9c ./Application/ir_nec.o
 .debug_macro   0x0000000000000d24      0x221 ./Application/ir_nec.o
 .debug_macro   0x0000000000000f45       0x2e ./Application/ir_nec.o
 .debug_macro   0x0000000000000f73       0x22 ./Application/ir_nec.o
 .debug_macro   0x0000000000000f95       0x22 ./Application/ir_nec.o
 .debug_macro   0x0000000000000fb7       0x8e ./Application/ir_nec.o
 .debug_macro   0x0000000000001045       0x51 ./Application/ir_nec.o
 .debug_macro   0x0000000000001096      0x103 ./Application/ir_nec.o
 .debug_macro   0x0000000000001199       0x6a ./Application/ir_nec.o
 .debug_macro   0x0000000000001203      0x1df ./Application/ir_nec.o
 .debug_macro   0x00000000000013e2       0x1c ./Application/ir_nec.o
 .debug_macro   0x00000000000013fe       0x22 ./Application/ir_nec.o
 .debug_macro   0x0000000000001420       0xbd ./Application/ir_nec.o
 .debug_macro   0x00000000000014dd      0xd23 ./Application/ir_nec.o
 .debug_macro   0x0000000000002200     0xde75 ./Application/ir_nec.o
 .debug_macro   0x0000000000010075       0x6d ./Application/ir_nec.o
 .debug_macro   0x00000000000100e2     0x348d ./Application/ir_nec.o
 .debug_macro   0x000000000001356f      0x174 ./Application/ir_nec.o
 .debug_macro   0x00000000000136e3       0x5c ./Application/ir_nec.o
 .debug_macro   0x000000000001373f      0x5bc ./Application/ir_nec.o
 .debug_macro   0x0000000000013cfb      0x1b7 ./Application/ir_nec.o
 .debug_macro   0x0000000000013eb2      0x1cb ./Application/ir_nec.o
 .debug_macro   0x000000000001407d      0x114 ./Application/ir_nec.o
 .debug_macro   0x0000000000014191      0x1b2 ./Application/ir_nec.o
 .debug_macro   0x0000000000014343       0x27 ./Application/ir_nec.o
 .debug_macro   0x000000000001436a      0x12f ./Application/ir_nec.o
 .debug_macro   0x0000000000014499      0x1bc ./Application/ir_nec.o
 .debug_macro   0x0000000000014655       0x34 ./Application/ir_nec.o
 .debug_macro   0x0000000000014689       0x3c ./Application/ir_nec.o
 .debug_macro   0x00000000000146c5       0x57 ./Application/ir_nec.o
 .debug_macro   0x000000000001471c       0x87 ./Application/ir_nec.o
 .debug_macro   0x00000000000147a3      0x183 ./Application/ir_nec.o
 .debug_macro   0x0000000000014926      0x140 ./Application/ir_nec.o
 .debug_macro   0x0000000000014a66      0x8ed ./Application/ir_nec.o
 .debug_macro   0x0000000000015353      0x28e ./Application/ir_nec.o
 .debug_macro   0x00000000000155e1       0x69 ./Application/ir_nec.o
 .debug_macro   0x000000000001564a       0x22 ./Application/ir_nec.o
 .debug_macro   0x000000000001566c       0x61 ./Application/ir_nec.o
 .debug_macro   0x00000000000156cd       0x24 ./Application/ir_nec.o
 .debug_macro   0x00000000000156f1       0x43 ./Application/ir_nec.o
 .debug_macro   0x0000000000015734       0x34 ./Application/ir_nec.o
 .debug_macro   0x0000000000015768       0x16 ./Application/ir_nec.o
 .debug_macro   0x000000000001577e       0x43 ./Application/ir_nec.o
 .debug_macro   0x00000000000157c1       0x34 ./Application/ir_nec.o
 .debug_macro   0x00000000000157f5       0x10 ./Application/ir_nec.o
 .debug_macro   0x0000000000015805       0x58 ./Application/ir_nec.o
 .debug_macro   0x000000000001585d       0x8e ./Application/ir_nec.o
 .debug_macro   0x00000000000158eb       0x1c ./Application/ir_nec.o
 .debug_macro   0x0000000000015907      0x177 ./Application/ir_nec.o
 .debug_macro   0x0000000000015a7e      0x369 ./Application/ir_nec.o
 .debug_macro   0x0000000000015de7       0x10 ./Application/ir_nec.o
 .debug_macro   0x0000000000015df7       0x35 ./Application/ir_nec.o
 .debug_macro   0x0000000000015e2c       0x20 ./Application/ir_nec.o
 .debug_macro   0x0000000000015e4c      0x292 ./Core/Src/main.o
 .debug_macro   0x00000000000160de      0x1ab ./Core/Src/stm32f1xx_hal_msp.o
 .debug_macro   0x0000000000016289      0x1b5 ./Core/Src/stm32f1xx_it.o
 .debug_macro   0x000000000001643e      0x1a1 ./Core/Src/system_stm32f1xx.o
 .debug_macro   0x00000000000165df      0x1c5 ./Drivers/STM32F1xx_HAL_Driver/Src/stm32f1xx_hal.o
 .debug_macro   0x00000000000167a4      0x1a1 ./Drivers/STM32F1xx_HAL_Driver/Src/stm32f1xx_hal_cortex.o
 .debug_macro   0x0000000000016945      0x1a1 ./Drivers/STM32F1xx_HAL_Driver/Src/stm32f1xx_hal_dma.o
 .debug_macro   0x0000000000016ae6      0x20c ./Drivers/STM32F1xx_HAL_Driver/Src/stm32f1xx_hal_gpio.o
 .debug_macro   0x0000000000016cf2      0x1b3 ./Drivers/STM32F1xx_HAL_Driver/Src/stm32f1xx_hal_rcc.o
 .debug_macro   0x0000000000016ea5      0x1a2 ./Drivers/STM32F1xx_HAL_Driver/Src/stm32f1xx_hal_tim.o
 .debug_macro   0x0000000000017047      0x1a1 ./Drivers/STM32F1xx_HAL_Driver/Src/stm32f1xx_hal_tim_ex.o
 .debug_macro   0x00000000000171e8      0x1a2 ./Drivers/STM32F1xx_HAL_Driver/Src/stm32f1xx_hal_uart.o

.debug_line     0x0000000000000000     0xdf14
 .debug_line    0x0000000000000000      0xb75 ./Application/ir_nec.o
 .debug_line    0x0000000000000b75      0xa3c ./Core/Src/main.o
 .debug_line    0x00000000000015b1      0x80b ./Core/Src/stm32f1xx_hal_msp.o
 .debug_line    0x0000000000001dbc      0x80f ./Core/Src/stm32f1xx_it.o
 .debug_line    0x00000000000025cb      0x783 ./Core/Src/system_stm32f1xx.o
 .debug_line    0x0000000000002d4e       0x78 ./Core/Startup/startup_stm32f103c6tx.o
 .debug_line    0x0000000000002dc6      0x9b0 ./Drivers/STM32F1xx_HAL_Driver/Src/stm32f1xx_hal.o
 .debug_line    0x0000000000003776      0xb98 ./Drivers/STM32F1xx_HAL_Driver/Src/stm32f1xx_hal_cortex.o
 .debug_line    0x000000000000430e      0xe09 ./Drivers/STM32F1xx_HAL_Driver/Src/stm32f1xx_hal_dma.o
 .debug_line    0x0000000000005117      0xa34 ./Drivers/STM32F1xx_HAL_Driver/Src/stm32f1xx_hal_gpio.o
 .debug_line    0x0000000000005b4b      0xdb9 ./Drivers/STM32F1xx_HAL_Driver/Src/stm32f1xx_hal_rcc.o
 .debug_line    0x0000000000006904     0x3453 ./Drivers/STM32F1xx_HAL_Driver/Src/stm32f1xx_hal_tim.o
 .debug_line    0x0000000000009d57     0x18df ./Drivers/STM32F1xx_HAL_Driver/Src/stm32f1xx_hal_tim_ex.o
 .debug_line    0x000000000000b636     0x28de ./Drivers/STM32F1xx_HAL_Driver/Src/stm32f1xx_hal_uart.o

.debug_str      0x0000000000000000    0x8766c
 .debug_str     0x0000000000000000    0x84614 ./Application/ir_nec.o
                                      0x84a1e (size before relaxing)
 .debug_str     0x0000000000084614      0x846 ./Core/Src/main.o
                                      0x851a3 (size before relaxing)
 .debug_str     0x0000000000084e5a       0xe6 ./Core/Src/stm32f1xx_hal_msp.o
                                      0x81a7f (size before relaxing)
 .debug_str     0x0000000000084f40      0x127 ./Core/Src/stm32f1xx_it.o
                                      0x814e3 (size before relaxing)
 .debug_str     0x0000000000085067       0x7e ./Core/Src/system_stm32f1xx.o
                                      0x81281 (size before relaxing)
 .debug_str     0x00000000000850e5       0x34 ./Core/Startup/startup_stm32f103c6tx.o
                                         0x6f (size before relaxing)
 .debug_str     0x0000000000085119      0x384 ./Drivers/STM32F1xx_HAL_Driver/Src/stm32f1xx_hal.o
                                      0x8197a (size before relaxing)
 .debug_str     0x000000000008549d      0x2a8 ./Drivers/STM32F1xx_HAL_Driver/Src/stm32f1xx_hal_cortex.o
                                      0x818c6 (size before relaxing)
 .debug_str     0x0000000000085745      0x206 ./Drivers/STM32F1xx_HAL_Driver/Src/stm32f1xx_hal_dma.o
                                      0x8162a (size before relaxing)
 .debug_str     0x000000000008594b      0x2e1 ./Drivers/STM32F1xx_HAL_Driver/Src/stm32f1xx_hal_gpio.o
                                      0x81607 (size before relaxing)
 .debug_str     0x0000000000085c2c      0x229 ./Drivers/STM32F1xx_HAL_Driver/Src/stm32f1xx_hal_rcc.o
                                      0x816b0 (size before relaxing)
 .debug_str     0x0000000000085e55      0xd72 ./Drivers/STM32F1xx_HAL_Driver/Src/stm32f1xx_hal_tim.o
                                      0x826a2 (size before relaxing)
 .debug_str     0x0000000000086bc7      0x493 ./Drivers/STM32F1xx_HAL_Driver/Src/stm32f1xx_hal_tim_ex.o
                                      0x81ebe (size before relaxing)
 .debug_str     0x000000000008705a      0x612 ./Drivers/STM32F1xx_HAL_Driver/Src/stm32f1xx_hal_uart.o
                                      0x81d21 (size before relaxing)

.debug_frame    0x0000000000000000     0x32ac
 .debug_frame   0x0000000000000000       0xfc ./Application/ir_nec.o
 .debug_frame   0x00000000000000fc       0xf0 ./Core/Src/main.o
 .debug_frame   0x00000000000001ec       0xc8 ./Core/Src/stm32f1xx_hal_msp.o
 .debug_frame   0x00000000000002b4      0x158 ./Core/Src/stm32f1xx_it.o
 .debug_frame   0x000000000000040c       0x58 ./Core/Src/system_stm32f1xx.o
 .debug_frame   0x0000000000000464      0x334 ./Drivers/STM32F1xx_HAL_Driver/Src/stm32f1xx_hal.o
 .debug_frame   0x0000000000000798      0x428 ./Drivers/STM32F1xx_HAL_Driver/Src/stm32f1xx_hal_cortex.o
 .debug_frame   0x0000000000000bc0      0x208 ./Drivers/STM32F1xx_HAL_Driver/Src/stm32f1xx_hal_dma.o
 .debug_frame   0x0000000000000dc8      0x14c ./Drivers/STM32F1xx_HAL_Driver/Src/stm32f1xx_hal_gpio.o
 .debug_frame   0x0000000000000f14      0x218 ./Drivers/STM32F1xx_HAL_Driver/Src/stm32f1xx_hal_rcc.o
 .debug_frame   0x000000000000112c     0x11b8 ./Drivers/STM32F1xx_HAL_Driver/Src/stm32f1xx_hal_tim.o
 .debug_frame   0x00000000000022e4      0x638 ./Drivers/STM32F1xx_HAL_Driver/Src/stm32f1xx_hal_tim_ex.o
 .debug_frame   0x000000000000291c      0x944 ./Drivers/STM32F1xx_HAL_Driver/Src/stm32f1xx_hal_uart.o
 .debug_frame   0x0000000000003260       0x20 C:/ST/STM32CubeIDE_1.14.0/STM32CubeIDE/plugins/com.st.stm32cube.ide.mcu.externaltools.gnu-tools-for-stm32.11.3.rel1.win32_1.1.100.202309141235/tools/bin/../lib/gcc/arm-none-eabi/11.3.1/../../../../arm-none-eabi/lib/thumb/v7-m/nofp\libc_nano.a(libc_a-memset.o)
 .debug_frame   0x0000000000003280       0x2c C:/ST/STM32CubeIDE_1.14.0/STM32CubeIDE/plugins/com.st.stm32cube.ide.mcu.externaltools.gnu-tools-for-stm32.11.3.rel1.win32_1.1.100.202309141235/tools/bin/../lib/gcc/arm-none-eabi/11.3.1/../../../../arm-none-eabi/lib/thumb/v7-m/nofp\libc_nano.a(libc_a-init.o)

.debug_line_str
                0x0000000000000000       0x63
 .debug_line_str
                0x0000000000000000       0x63 ./Core/Startup/startup_stm32f103c6tx.o
                                         0x7b (size before relaxing)
